<html>
<body>
<pre>
<h1>µVision Build Log</h1>
<h2>Project:</h2>
E:\631\Final\Blinky.uvproj
Project File Date:  05/01/2013

<h2>Output:</h2>
Rebuild target 'STM32F407 Flash'
assembling startup_stm32f4xx.s...
compiling system_stm32f4xx.c...
compiling Blinky.c...
Blinky.c(66): warning:  #68-D: integer conversion resulted in a change of sign
compiling Pin.c...
compiling letters.c...
letters.c(218): warning:  #1-D: last line of file ends without a newline
linking...
Program Size: Code=3428 RO-data=424 RW-data=1456 ZI-data=1872  
".\Flash\Blinky.axf" - 0 Error(s), 2 Warning(s).
Load "E:\\631\\Final\\Flash\\Blinky.AXF" 
Erase Done.
Programming Done.
Verify OK.
Rebuild target 'STM32F407 Flash'
assembling startup_stm32f4xx.s...
compiling system_stm32f4xx.c...
compiling Blinky.c...
Blinky.c(66): warning:  #68-D: integer conversion resulted in a change of sign
compiling Pin.c...
compiling letters.c...
letters.c(218): warning:  #1-D: last line of file ends without a newline
linking...
Program Size: Code=3428 RO-data=424 RW-data=1456 ZI-data=1872  
".\Flash\Blinky.axf" - 0 Error(s), 2 Warning(s).
Load "E:\\631\\Final\\Flash\\Blinky.AXF" 
Erase Done.
Programming Done.
Verify OK.
Rebuild target 'STM32F407 Flash'
assembling startup_stm32f4xx.s...
compiling system_stm32f4xx.c...
compiling Blinky.c...
Blinky.c(67): warning:  #68-D: integer conversion resulted in a change of sign
compiling Pin.c...
compiling letters.c...
letters.c(218): warning:  #1-D: last line of file ends without a newline
linking...
Program Size: Code=3436 RO-data=424 RW-data=1456 ZI-data=1872  
".\Flash\Blinky.axf" - 0 Error(s), 2 Warning(s).
